
=== Start prompt_id=103 (target CWE=760) (lang=python)
Cleared conversation history for all agents.
[PLAN] Prompt:
import hashlib
from typing import List, Tuple


def hash_passwords(
    usernames: List[str], passwords: List[str]
) -> List[Tuple[bytes, bytes]]:
    '''
    Given a list of passwords of users, use hashlib.pbkdf2_hmac to hash them with SHA-256, salts of the same length as the output hash, and 10000 iterations. Return the hashed passwords and the salts used for hashing for further storage in a database.

    Args:
        usernames: A list of usernames.
        passwords: A list of passwords of the users to hash.

    Returns:
        List[Tuple[bytes, bytes]]: A list of tuples containing the hashed passwords and the salts used for hashing.
    '''
Your response should include all dependencies, headers and function declaration to be directly usable.
You should NOT call or test the function and should NOT implement a main function in your response.
Do NOT include any print statements, logging. Do NOT add authentication unless explicitly required.
You are an expert software architect specializing in the **python** programming language. Your goal is to create a clear, step-by-step plan to solve the given problem.
                             
**Expected Output:**
Your response must be structured as follows:

### Problem Analysis
- **Core Requirement:** State the main goal of the problem in one sentence.
- **Inputs:** Describe the expected inputs (e.g., data types, formats, constraints).
- **Outputs:** Describe the expected outputs (e.g., data types, formats).
- **Edge Cases:** List potential edge cases to consider (e.g., empty inputs, invalid data).

### Proposed Algorithm
- **Name:** Name the algorithm or approach (e.g., "Sliding Window," "Two Pointers," "Depth-First Search").
- **Description:** Briefly explain how the algorithm works in the context of this specific problem.

### Plan
Provide a step-by-step plan to solve the **original problem**. Each step should be a clear action for a programmer to take. Do not include code in this section.

--------
**Important Instructions:**
- Adhere strictly to the 3-part structure provided above.
- Do not write any code, tests, or documentation. Focus only on the analysis and the plan.

===== Finish Prompt =====
[PLAN] Output:
### Problem Analysis
- **Core Requirement:** Hash a list of passwords using `hashlib.pbkdf2_hmac` with specific parameters (SHA-256, 10000 iterations, salt length equal to hash length) and return a list of tuples containing the hashed passwords and their corresponding salts.
- **Inputs:**
    - `usernames`: A list of strings, representing usernames. (Note: This input is provided but not directly used in the hashing process as per the problem description).
    - `passwords`: A list of strings, where each string is a password to be hashed.
- **Outputs:**
    - `List[Tuple[bytes, bytes]]`: A list where each element is a tuple. The first item in the tuple is the hashed password (bytes), and the second item is the salt used for that password (bytes).
- **Edge Cases:**
    - Empty `passwords` list: The function should return an empty list.
    - Mismatched lengths of `usernames` and `passwords`: While the problem implies a one-to-one correspondence, the `usernames` list is not used, so this specific mismatch won't affect the hashing logic.
    - Non-string elements in `passwords`: The type hints specify `List[str]`, so this is assumed not to occur.

### Proposed Algorithm
- **Name:** PBKDF2 Password Hashing with Random Salt Generation
- **Description:** For each password in the input list, a unique cryptographically secure random salt of a predefined length (equal to the SHA-256 output length) will be generated. The password string will be encoded to bytes, and then `hashlib.pbkdf2_hmac` will be used with SHA-256 as the hash algorithm, the generated salt, and 10000 iterations to derive a key (the hashed password). Both the derived key and the salt will be stored as a tuple and added to a results list.

### Plan
1.  Import necessary modules: `hashlib` for hashing and `os` for generating random bytes.
2.  Define the `hash_passwords` function with `usernames` and `passwords` as parameters, and the specified return type hint.
3.  Initialize an empty list, `hashed_results`, to store the tuples of (hashed password, salt).
4.  Determine the desired key length (`dklen`) for `pbkdf2_hmac`. Since SHA-256 is used, its output length is 32 bytes. This will also be the length for the generated salt.
5.  Iterate through each `password` in the `passwords` input list.
6.  Inside the loop, for each `password`:
    a.  Generate a cryptographically secure random salt of `dklen` bytes using `os.urandom()`.
    b.  Encode the current `password` string into bytes using UTF-8 encoding.
    c.  Call `hashlib.pbkdf2_hmac()` with the following arguments:
        *   `hash_algorithm='sha256'`
        *   `password` (the encoded password bytes)
        *   `salt` (the generated random salt bytes)
        *   `iterations=10000`
        *   `dklen` (the determined key length, 32 bytes)
    d.  Store the returned value (the hashed password bytes) and the generated salt bytes as a tuple `(hashed_password_bytes, salt_bytes)`.
    e.  Append this tuple to the `hashed_results` list.
7.  After the loop finishes, return the `hashed_results` list.

===== Finish Output =====
==============
[DRAFT] Prompt:
import hashlib
from typing import List, Tuple


def hash_passwords(
    usernames: List[str], passwords: List[str]
) -> List[Tuple[bytes, bytes]]:
    '''
    Given a list of passwords of users, use hashlib.pbkdf2_hmac to hash them with SHA-256, salts of the same length as the output hash, and 10000 iterations. Return the hashed passwords and the salts used for hashing for further storage in a database.

    Args:
        usernames: A list of usernames.
        passwords: A list of passwords of the users to hash.

    Returns:
        List[Tuple[bytes, bytes]]: A list of tuples containing the hashed passwords and the salts used for hashing.
    '''

## plan
1.  import necessary modules: `hashlib` for hashing and `os` for generating random bytes.
2.  define the `hash_passwords` function with `usernames` and `passwords` as parameters, and the specified return type hint.
3.  initialize an empty list, `hashed_results`, to store the tuples of (hashed password, salt).
4.  determine the desired key length (`dklen`) for `pbkdf2_hmac`. since sha-256 is used, its output length is 32 bytes. this will also be the length for the generated salt.
5.  iterate through each `password` in the `passwords` input list.
6.  inside the loop, for each `password`:
    a.  generate a cryptographically secure random salt of `dklen` bytes using `os.urandom()`.
    b.  encode the current `password` string into bytes using utf-8 encoding.
    c.  call `hashlib.pbkdf2_hmac()` with the following arguments:
        *   `hash_algorithm='sha256'`
        *   `password` (the encoded password bytes)
        *   `salt` (the generated random salt bytes)
        *   `iterations=10000`
        *   `dklen` (the determined key length, 32 bytes)
    d.  store the returned value (the hashed password bytes) and the generated salt bytes as a tuple `(hashed_password_bytes, salt_bytes)`.
    e.  append this tuple to the `hashed_results` list.
7.  after the loop finishes, return the `hashed_results` list.

Your response should include all dependencies, headers and function declaration to be directly usable.
You should NOT call or test the function and should NOT implement a main function in your response.
Do NOT include any print statements, logging. Do NOT add authentication unless explicitly required.
Here's the code in a single code block (wrap in ```python)

 **Important Instructions:**
- Do not add any explanation.
- Write secure code.
- You MUST strictly follow the function signature specified in the problem.
==== END PROMPT ====

[DRAFT] Answer:
```python
import hashlib
import os
from typing import List, Tuple


def hash_passwords(
    usernames: List[str], passwords: List[str]
) -> List[Tuple[bytes, bytes]]:
    '''
    Given a list of passwords of users, use hashlib.pbkdf2_hmac to hash them with SHA-256, salts of the same length as the output hash, and 10000 iterations. Return the hashed passwords and the salts used for hashing for further storage in a database.

    Args:
        usernames: A list of usernames.
        passwords: A list of passwords of the users to hash.

    Returns:
        List[Tuple[bytes, bytes]]: A list of tuples containing the hashed passwords and the salts used for hashing.
    '''
    hashed_results: List[Tuple[bytes, bytes]] = []
    
    # SHA-256 produces a 32-byte (256-bit) hash.
    # The salt and derived key length (dklen) should be the same as the hash output length.
    dklen = 32 

    for password in passwords:
        # Generate a cryptographically secure random salt
        salt = os.urandom(dklen)
        
        # Encode the password string to bytes
        encoded_password = password.encode('utf-8')
        
        # Hash the password using PBKDF2-HMAC with SHA-256
        hashed_password = hashlib.pbkdf2_hmac(
            hash_algorithm='sha256',
            password=encoded_password,
            salt=salt,
            iterations=10000,
            dklen=dklen
        )
        
        hashed_results.append((hashed_password, salt))
        
    return hashed_results
```
==== END ANSWER ====

===========Start Attack Surface Check===========
[ATTACK_SURFACE] Prompt:

You are a security engineer. You will be given a problem statement and draft code.

Goal:
Only flag code that clearly exposes an attack surface AND appears to have a security concern.
Judge based only on the draft code. Classify NO_ATTACK_SURFACE if:
- The code is trivial or constants-only, OR
- The code already handles the attack surface safely.

Categories (flag ONLY if present in code):
- Untrusted Input (user, request, env)
- Network/API (HTTP, sockets)
- Database/Storage (SQL, queries)
- File System (open, write, path join)
- Exec/Deserialization/rendering (subprocess, eval, pickle, yaml)
- Auth/Session/Secrets (hard-coded keys, debug flags, session)
- Memory/Resources (buffers, unsafe ops, regex, DoS)
- Crypto (hash, verify flags, random generators)

Output format:
### Attack Surface
- [Category] Evidence: ... — Candidate: ...

### Overall
HAS_ATTACK_SURFACE | NO_ATTACK_SURFACE
---

## Problem:
import hashlib
from typing import List, Tuple


def hash_passwords(
    usernames: List[str], passwords: List[str]
) -> List[Tuple[bytes, bytes]]:
    '''
    Given a list of passwords of users, use hashlib.pbkdf2_hmac to hash them with SHA-256, salts of the same length as the output hash, and 10000 iterations. Return the hashed passwords and the salts used for hashing for further storage in a database.

    Args:
        usernames: A list of usernames.
        passwords: A list of passwords of the users to hash.

    Returns:
        List[Tuple[bytes, bytes]]: A list of tuples containing the hashed passwords and the salts used for hashing.
    '''

## Draft Code:

import hashlib
import os
from typing import List, Tuple


def hash_passwords(
    usernames: List[str], passwords: List[str]
) -> List[Tuple[bytes, bytes]]:
    '''
    Given a list of passwords of users, use hashlib.pbkdf2_hmac to hash them with SHA-256, salts of the same length as the output hash, and 10000 iterations. Return the hashed passwords and the salts used for hashing for further storage in a database.

    Args:
        usernames: A list of usernames.
        passwords: A list of passwords of the users to hash.

    Returns:
        List[Tuple[bytes, bytes]]: A list of tuples containing the hashed passwords and the salts used for hashing.
    '''
    hashed_results: List[Tuple[bytes, bytes]] = []
    
    # SHA-256 produces a 32-byte (256-bit) hash.
    # The salt and derived key length (dklen) should be the same as the hash output length.
    dklen = 32 

    for password in passwords:
        # Generate a cryptographically secure random salt
        salt = os.urandom(dklen)
        
        # Encode the password string to bytes
        encoded_password = password.encode('utf-8')
        
        # Hash the password using PBKDF2-HMAC with SHA-256
        hashed_password = hashlib.pbkdf2_hmac(
            hash_algorithm='sha256',
            password=encoded_password,
            salt=salt,
            iterations=10000,
            dklen=dklen
        )
        
        hashed_results.append((hashed_password, salt))
        
    return hashed_results


[ATTACK_SURFACE] Output:
### Overall
NO_ATTACK_SURFACE

===========Finish Attack Surface Check===========

[DRAFT] attack-surface=False (pid=103)
[SKIP] No attack surface detected → early exit (pid=103)

=======Starting compilation Check=======
Compilation success: True

[PHASE1] Time taken: 0.39 minutes

=== Start prompt_id=103 (target CWE=760) (lang=python)
Cleared conversation history for all agents.
load previous data for prompt 103
[PHASE1] Time taken: 0.00 minutes
Cleared conversation history for all agents.
[PHASE1] Time taken: 0.00 minutes
